[0.067s] DEBUG:colcon:Command line arguments: ['/usr/bin/colcon', 'build', '--packages-select', 'robo_project', '--symlink-install']
[0.067s] DEBUG:colcon:Parsed command line arguments: Namespace(log_base=None, log_level=None, verb_name='build', build_base='build', install_base='install', merge_install=False, symlink_install=True, test_result_base=None, continue_on_error=False, executor='parallel', parallel_workers=12, event_handlers=None, ignore_user_meta=False, metas=['./colcon.meta'], base_paths=['.'], packages_ignore=None, packages_ignore_regex=None, paths=None, packages_up_to=None, packages_up_to_regex=None, packages_above=None, packages_above_and_dependencies=None, packages_above_depth=None, packages_select_by_dep=None, packages_skip_by_dep=None, packages_skip_up_to=None, packages_select_build_failed=False, packages_skip_build_finished=False, packages_select_test_failures=False, packages_skip_test_passed=False, packages_select=['robo_project'], packages_skip=None, packages_select_regex=None, packages_skip_regex=None, packages_start=None, packages_end=None, allow_overriding=[], cmake_args=None, cmake_target=None, cmake_target_skip_unavailable=False, cmake_clean_cache=False, cmake_clean_first=False, cmake_force_configure=False, ament_cmake_args=None, catkin_cmake_args=None, catkin_skip_building_tests=False, mixin_files=None, mixin=None, verb_parser=<colcon_mixin.mixin.mixin_argument.MixinArgumentDecorator object at 0x7ff28d81ac80>, verb_extension=<colcon_core.verb.build.BuildVerb object at 0x7ff28d81a7d0>, main=<bound method BuildVerb.main of <colcon_core.verb.build.BuildVerb object at 0x7ff28d81a7d0>>, mixin_verb=('build',))
[0.165s] Level 1:colcon.colcon_core.package_discovery:discover_packages(colcon_meta) check parameters
[0.165s] Level 1:colcon.colcon_core.package_discovery:discover_packages(recursive) check parameters
[0.165s] Level 1:colcon.colcon_core.package_discovery:discover_packages(ignore) check parameters
[0.165s] Level 1:colcon.colcon_core.package_discovery:discover_packages(path) check parameters
[0.165s] Level 1:colcon.colcon_core.package_discovery:discover_packages(colcon_meta) discover
[0.165s] Level 1:colcon.colcon_core.package_discovery:discover_packages(recursive) discover
[0.165s] INFO:colcon.colcon_core.package_discovery:Crawling recursively for packages in '/home/yug/master_vinebot_ws'
[0.165s] Level 1:colcon.colcon_core.package_identification:_identify(.) by extensions ['ignore', 'ignore_ament_install']
[0.165s] Level 1:colcon.colcon_core.package_identification:_identify(.) by extension 'ignore'
[0.165s] Level 1:colcon.colcon_core.package_identification:_identify(.) by extension 'ignore_ament_install'
[0.165s] Level 1:colcon.colcon_core.package_identification:_identify(.) by extensions ['colcon_pkg']
[0.165s] Level 1:colcon.colcon_core.package_identification:_identify(.) by extension 'colcon_pkg'
[0.165s] Level 1:colcon.colcon_core.package_identification:_identify(.) by extensions ['colcon_meta']
[0.165s] Level 1:colcon.colcon_core.package_identification:_identify(.) by extension 'colcon_meta'
[0.165s] Level 1:colcon.colcon_core.package_identification:_identify(.) by extensions ['ros']
[0.165s] Level 1:colcon.colcon_core.package_identification:_identify(.) by extension 'ros'
[0.172s] Level 1:colcon.colcon_core.package_identification:_identify(.) by extensions ['cmake', 'python']
[0.172s] Level 1:colcon.colcon_core.package_identification:_identify(.) by extension 'cmake'
[0.172s] Level 1:colcon.colcon_core.package_identification:_identify(.) by extension 'python'
[0.172s] Level 1:colcon.colcon_core.package_identification:_identify(.) by extensions ['python_setup_py']
[0.172s] Level 1:colcon.colcon_core.package_identification:_identify(.) by extension 'python_setup_py'
[0.172s] Level 1:colcon.colcon_core.package_identification:_identify(build) by extensions ['ignore', 'ignore_ament_install']
[0.172s] Level 1:colcon.colcon_core.package_identification:_identify(build) by extension 'ignore'
[0.172s] Level 1:colcon.colcon_core.package_identification:_identify(build) ignored
[0.172s] Level 1:colcon.colcon_core.package_identification:_identify(install) by extensions ['ignore', 'ignore_ament_install']
[0.172s] Level 1:colcon.colcon_core.package_identification:_identify(install) by extension 'ignore'
[0.172s] Level 1:colcon.colcon_core.package_identification:_identify(install) ignored
[0.172s] Level 1:colcon.colcon_core.package_identification:_identify(log) by extensions ['ignore', 'ignore_ament_install']
[0.173s] Level 1:colcon.colcon_core.package_identification:_identify(log) by extension 'ignore'
[0.173s] Level 1:colcon.colcon_core.package_identification:_identify(log) ignored
[0.173s] Level 1:colcon.colcon_core.package_identification:_identify(src) by extensions ['ignore', 'ignore_ament_install']
[0.173s] Level 1:colcon.colcon_core.package_identification:_identify(src) by extension 'ignore'
[0.173s] Level 1:colcon.colcon_core.package_identification:_identify(src) by extension 'ignore_ament_install'
[0.173s] Level 1:colcon.colcon_core.package_identification:_identify(src) by extensions ['colcon_pkg']
[0.173s] Level 1:colcon.colcon_core.package_identification:_identify(src) by extension 'colcon_pkg'
[0.173s] Level 1:colcon.colcon_core.package_identification:_identify(src) by extensions ['colcon_meta']
[0.173s] Level 1:colcon.colcon_core.package_identification:_identify(src) by extension 'colcon_meta'
[0.173s] Level 1:colcon.colcon_core.package_identification:_identify(src) by extensions ['ros']
[0.173s] Level 1:colcon.colcon_core.package_identification:_identify(src) by extension 'ros'
[0.173s] Level 1:colcon.colcon_core.package_identification:_identify(src) by extensions ['cmake', 'python']
[0.173s] Level 1:colcon.colcon_core.package_identification:_identify(src) by extension 'cmake'
[0.173s] Level 1:colcon.colcon_core.package_identification:_identify(src) by extension 'python'
[0.173s] Level 1:colcon.colcon_core.package_identification:_identify(src) by extensions ['python_setup_py']
[0.173s] Level 1:colcon.colcon_core.package_identification:_identify(src) by extension 'python_setup_py'
[0.173s] Level 1:colcon.colcon_core.package_identification:_identify(src/robo_project) by extensions ['ignore', 'ignore_ament_install']
[0.173s] Level 1:colcon.colcon_core.package_identification:_identify(src/robo_project) by extension 'ignore'
[0.173s] Level 1:colcon.colcon_core.package_identification:_identify(src/robo_project) by extension 'ignore_ament_install'
[0.173s] Level 1:colcon.colcon_core.package_identification:_identify(src/robo_project) by extensions ['colcon_pkg']
[0.173s] Level 1:colcon.colcon_core.package_identification:_identify(src/robo_project) by extension 'colcon_pkg'
[0.173s] Level 1:colcon.colcon_core.package_identification:_identify(src/robo_project) by extensions ['colcon_meta']
[0.173s] Level 1:colcon.colcon_core.package_identification:_identify(src/robo_project) by extension 'colcon_meta'
[0.173s] Level 1:colcon.colcon_core.package_identification:_identify(src/robo_project) by extensions ['ros']
[0.173s] Level 1:colcon.colcon_core.package_identification:_identify(src/robo_project) by extension 'ros'
[0.175s] DEBUG:colcon.colcon_core.package_identification:Package 'src/robo_project' with type 'ros.ament_python' and name 'robo_project'
[0.175s] Level 1:colcon.colcon_core.package_identification:_identify(src/vinebot_description) by extensions ['ignore', 'ignore_ament_install']
[0.175s] Level 1:colcon.colcon_core.package_identification:_identify(src/vinebot_description) by extension 'ignore'
[0.175s] Level 1:colcon.colcon_core.package_identification:_identify(src/vinebot_description) by extension 'ignore_ament_install'
[0.175s] Level 1:colcon.colcon_core.package_identification:_identify(src/vinebot_description) by extensions ['colcon_pkg']
[0.175s] Level 1:colcon.colcon_core.package_identification:_identify(src/vinebot_description) by extension 'colcon_pkg'
[0.175s] Level 1:colcon.colcon_core.package_identification:_identify(src/vinebot_description) by extensions ['colcon_meta']
[0.175s] Level 1:colcon.colcon_core.package_identification:_identify(src/vinebot_description) by extension 'colcon_meta'
[0.175s] Level 1:colcon.colcon_core.package_identification:_identify(src/vinebot_description) by extensions ['ros']
[0.175s] Level 1:colcon.colcon_core.package_identification:_identify(src/vinebot_description) by extension 'ros'
[0.176s] DEBUG:colcon.colcon_core.package_identification:Package 'src/vinebot_description' with type 'ros.ament_cmake' and name 'vinebot_description'
[0.176s] Level 1:colcon.colcon_core.package_discovery:discover_packages(recursive) using defaults
[0.176s] Level 1:colcon.colcon_core.package_discovery:discover_packages(ignore) discover
[0.176s] Level 1:colcon.colcon_core.package_discovery:discover_packages(ignore) using defaults
[0.176s] Level 1:colcon.colcon_core.package_discovery:discover_packages(path) discover
[0.176s] Level 1:colcon.colcon_core.package_discovery:discover_packages(path) using defaults
[0.197s] INFO:colcon.colcon_core.package_selection:Skipping not selected package 'vinebot_description' in 'src/vinebot_description'
[0.197s] Level 1:colcon.colcon_core.package_discovery:discover_packages(prefix_path) check parameters
[0.197s] Level 1:colcon.colcon_core.package_discovery:discover_packages(prefix_path) discover
[0.198s] WARNING:colcon.colcon_core.prefix_path.colcon:The path '/home/yug/master_vinebot_ws/src/robo_project/install' in the environment variable COLCON_PREFIX_PATH doesn't exist
[0.198s] WARNING:colcon.colcon_ros.prefix_path.ament:The path '/home/yug/master_vinebot_ws/install/robo_project' in the environment variable AMENT_PREFIX_PATH doesn't exist
[0.198s] WARNING:colcon.colcon_ros.prefix_path.ament:The path '/home/yug/master_vinebot_ws/src/robo_project/install/robo_project' in the environment variable AMENT_PREFIX_PATH doesn't exist
[0.198s] DEBUG:colcon.colcon_installed_package_information.package_discovery:Found 0 installed packages in /home/yug/master_vinebot_ws/install
[0.199s] DEBUG:colcon.colcon_installed_package_information.package_discovery:Found 279 installed packages in /opt/ros/humble
[0.200s] Level 1:colcon.colcon_core.package_discovery:discover_packages(prefix_path) using defaults
[0.222s] Level 5:colcon.colcon_core.verb:set package 'robo_project' build argument 'cmake_args' from command line to 'None'
[0.222s] Level 5:colcon.colcon_core.verb:set package 'robo_project' build argument 'cmake_target' from command line to 'None'
[0.222s] Level 5:colcon.colcon_core.verb:set package 'robo_project' build argument 'cmake_target_skip_unavailable' from command line to 'False'
[0.222s] Level 5:colcon.colcon_core.verb:set package 'robo_project' build argument 'cmake_clean_cache' from command line to 'False'
[0.222s] Level 5:colcon.colcon_core.verb:set package 'robo_project' build argument 'cmake_clean_first' from command line to 'False'
[0.222s] Level 5:colcon.colcon_core.verb:set package 'robo_project' build argument 'cmake_force_configure' from command line to 'False'
[0.222s] Level 5:colcon.colcon_core.verb:set package 'robo_project' build argument 'ament_cmake_args' from command line to 'None'
[0.222s] Level 5:colcon.colcon_core.verb:set package 'robo_project' build argument 'catkin_cmake_args' from command line to 'None'
[0.222s] Level 5:colcon.colcon_core.verb:set package 'robo_project' build argument 'catkin_skip_building_tests' from command line to 'False'
[0.222s] DEBUG:colcon.colcon_core.verb:Building package 'robo_project' with the following arguments: {'ament_cmake_args': None, 'build_base': '/home/yug/master_vinebot_ws/build/robo_project', 'catkin_cmake_args': None, 'catkin_skip_building_tests': False, 'cmake_args': None, 'cmake_clean_cache': False, 'cmake_clean_first': False, 'cmake_force_configure': False, 'cmake_target': None, 'cmake_target_skip_unavailable': False, 'install_base': '/home/yug/master_vinebot_ws/install/robo_project', 'merge_install': False, 'path': '/home/yug/master_vinebot_ws/src/robo_project', 'symlink_install': True, 'test_result_base': None}
[0.222s] INFO:colcon.colcon_core.executor:Executing jobs using 'parallel' executor
[0.223s] DEBUG:colcon.colcon_parallel_executor.executor.parallel:run_until_complete
[0.223s] INFO:colcon.colcon_ros.task.ament_python.build:Building ROS package in '/home/yug/master_vinebot_ws/src/robo_project' with build type 'ament_python'
[0.223s] Level 1:colcon.colcon_core.shell:create_environment_hook('robo_project', 'ament_prefix_path')
[0.225s] INFO:colcon.colcon_core.plugin_system:Skipping extension 'colcon_core.shell.bat': Not used on non-Windows systems
[0.225s] INFO:colcon.colcon_core.shell:Creating environment hook '/home/yug/master_vinebot_ws/install/robo_project/share/robo_project/hook/ament_prefix_path.ps1'
[0.225s] INFO:colcon.colcon_core.shell:Creating environment descriptor '/home/yug/master_vinebot_ws/install/robo_project/share/robo_project/hook/ament_prefix_path.dsv'
[0.226s] INFO:colcon.colcon_core.shell:Creating environment hook '/home/yug/master_vinebot_ws/install/robo_project/share/robo_project/hook/ament_prefix_path.sh'
[0.226s] INFO:colcon.colcon_core.shell:Skip shell extension 'powershell' for command environment: Not usable outside of PowerShell
[0.226s] DEBUG:colcon.colcon_core.shell:Skip shell extension 'dsv' for command environment
[0.381s] INFO:colcon.colcon_core.task.python.build:Building Python package in '/home/yug/master_vinebot_ws/src/robo_project'
[0.381s] INFO:colcon.colcon_core.shell:Skip shell extension 'powershell' for command environment: Not usable outside of PowerShell
[0.381s] DEBUG:colcon.colcon_core.shell:Skip shell extension 'dsv' for command environment
[0.582s] DEBUG:colcon.colcon_core.event_handler.log_command:Invoking command in '/home/yug/master_vinebot_ws/build/robo_project': PYTHONPATH=/home/yug/master_vinebot_ws/build/robo_project/prefix_override:/usr/lib/python3/dist-packages/colcon_core/task/python/colcon_distutils_commands:/home/yug/master_vinebot_ws/install/robo_project/lib/python3.10/site-packages:${PYTHONPATH} /usr/bin/python3 -W ignore:setup.py install is deprecated -W ignore:easy_install command is deprecated setup.py develop --editable --build-directory /home/yug/master_vinebot_ws/build/robo_project/build --no-deps symlink_data
[0.849s] Level 1:colcon.colcon_core.shell:create_environment_hook('robo_project', 'pythonpath_develop')
[0.849s] INFO:colcon.colcon_core.shell:Creating environment hook '/home/yug/master_vinebot_ws/build/robo_project/share/robo_project/hook/pythonpath_develop.ps1'
[0.849s] DEBUG:colcon.colcon_core.event_handler.log_command:Invoked command in '/home/yug/master_vinebot_ws/build/robo_project' returned '0': PYTHONPATH=/home/yug/master_vinebot_ws/build/robo_project/prefix_override:/usr/lib/python3/dist-packages/colcon_core/task/python/colcon_distutils_commands:/home/yug/master_vinebot_ws/install/robo_project/lib/python3.10/site-packages:${PYTHONPATH} /usr/bin/python3 -W ignore:setup.py install is deprecated -W ignore:easy_install command is deprecated setup.py develop --editable --build-directory /home/yug/master_vinebot_ws/build/robo_project/build --no-deps symlink_data
[0.850s] INFO:colcon.colcon_core.shell:Creating environment descriptor '/home/yug/master_vinebot_ws/build/robo_project/share/robo_project/hook/pythonpath_develop.dsv'
[0.850s] INFO:colcon.colcon_core.shell:Creating environment hook '/home/yug/master_vinebot_ws/build/robo_project/share/robo_project/hook/pythonpath_develop.sh'
[0.851s] Level 1:colcon.colcon_core.environment:checking '/home/yug/master_vinebot_ws/install/robo_project' for CMake module files
[0.852s] Level 1:colcon.colcon_core.environment:checking '/home/yug/master_vinebot_ws/install/robo_project' for CMake config files
[0.852s] Level 1:colcon.colcon_core.environment:checking '/home/yug/master_vinebot_ws/install/robo_project/lib'
[0.852s] Level 1:colcon.colcon_core.environment:checking '/home/yug/master_vinebot_ws/install/robo_project/bin'
[0.852s] Level 1:colcon.colcon_core.shell:create_environment_hook('robo_project', 'path')
[0.852s] INFO:colcon.colcon_core.shell:Creating environment hook '/home/yug/master_vinebot_ws/install/robo_project/share/robo_project/hook/path.ps1'
[0.853s] INFO:colcon.colcon_core.shell:Creating environment descriptor '/home/yug/master_vinebot_ws/install/robo_project/share/robo_project/hook/path.dsv'
[0.853s] INFO:colcon.colcon_core.shell:Creating environment hook '/home/yug/master_vinebot_ws/install/robo_project/share/robo_project/hook/path.sh'
[0.853s] Level 1:colcon.colcon_core.environment:checking '/home/yug/master_vinebot_ws/install/robo_project/lib/pkgconfig/robo_project.pc'
[0.853s] Level 1:colcon.colcon_core.environment:checking '/home/yug/master_vinebot_ws/install/robo_project/lib/python3.10/site-packages'
[0.854s] Level 1:colcon.colcon_core.shell:create_environment_hook('robo_project', 'pythonpath')
[0.854s] INFO:colcon.colcon_core.shell:Creating environment hook '/home/yug/master_vinebot_ws/install/robo_project/share/robo_project/hook/pythonpath.ps1'
[0.854s] INFO:colcon.colcon_core.shell:Creating environment descriptor '/home/yug/master_vinebot_ws/install/robo_project/share/robo_project/hook/pythonpath.dsv'
[0.854s] INFO:colcon.colcon_core.shell:Creating environment hook '/home/yug/master_vinebot_ws/install/robo_project/share/robo_project/hook/pythonpath.sh'
[0.855s] Level 1:colcon.colcon_core.environment:checking '/home/yug/master_vinebot_ws/install/robo_project/bin'
[0.855s] Level 1:colcon.colcon_core.shell:create_environment_hook('robo_project', 'pythonscriptspath')
[0.855s] INFO:colcon.colcon_core.shell:Creating environment hook '/home/yug/master_vinebot_ws/install/robo_project/share/robo_project/hook/pythonscriptspath.ps1'
[0.855s] INFO:colcon.colcon_core.shell:Creating environment descriptor '/home/yug/master_vinebot_ws/install/robo_project/share/robo_project/hook/pythonscriptspath.dsv'
[0.855s] INFO:colcon.colcon_core.shell:Creating environment hook '/home/yug/master_vinebot_ws/install/robo_project/share/robo_project/hook/pythonscriptspath.sh'
[0.855s] Level 1:colcon.colcon_core.environment:create_environment_scripts_only(robo_project)
[0.856s] INFO:colcon.colcon_core.shell:Creating package script '/home/yug/master_vinebot_ws/install/robo_project/share/robo_project/package.ps1'
[0.856s] INFO:colcon.colcon_core.shell:Creating package descriptor '/home/yug/master_vinebot_ws/install/robo_project/share/robo_project/package.dsv'
[0.857s] INFO:colcon.colcon_core.shell:Creating package script '/home/yug/master_vinebot_ws/install/robo_project/share/robo_project/package.sh'
[0.857s] INFO:colcon.colcon_core.shell:Creating package script '/home/yug/master_vinebot_ws/install/robo_project/share/robo_project/package.bash'
[0.858s] INFO:colcon.colcon_core.shell:Creating package script '/home/yug/master_vinebot_ws/install/robo_project/share/robo_project/package.zsh'
[0.858s] Level 1:colcon.colcon_core.environment:create_file_with_runtime_dependencies(/home/yug/master_vinebot_ws/install/robo_project/share/colcon-core/packages/robo_project)
[0.858s] DEBUG:colcon.colcon_parallel_executor.executor.parallel:closing loop
[0.858s] DEBUG:colcon.colcon_parallel_executor.executor.parallel:loop closed
[0.858s] DEBUG:colcon.colcon_parallel_executor.executor.parallel:run_until_complete finished with '0'
[0.858s] DEBUG:colcon.colcon_core.event_reactor:joining thread
[0.862s] INFO:colcon.colcon_core.plugin_system:Skipping extension 'colcon_notification.desktop_notification.terminal_notifier': Not used on non-Darwin systems
[0.862s] INFO:colcon.colcon_core.plugin_system:Skipping extension 'colcon_notification.desktop_notification.win32': Not used on non-Windows systems
[0.862s] INFO:colcon.colcon_notification.desktop_notification:Sending desktop notification using 'notify2'
[0.870s] DEBUG:colcon.colcon_core.event_reactor:joined thread
[0.870s] INFO:colcon.colcon_core.shell:Creating prefix script '/home/yug/master_vinebot_ws/install/local_setup.ps1'
[0.871s] INFO:colcon.colcon_core.shell:Creating prefix util module '/home/yug/master_vinebot_ws/install/_local_setup_util_ps1.py'
[0.872s] INFO:colcon.colcon_core.shell:Creating prefix chain script '/home/yug/master_vinebot_ws/install/setup.ps1'
[0.873s] INFO:colcon.colcon_core.shell:Creating prefix script '/home/yug/master_vinebot_ws/install/local_setup.sh'
[0.873s] INFO:colcon.colcon_core.shell:Creating prefix util module '/home/yug/master_vinebot_ws/install/_local_setup_util_sh.py'
[0.874s] INFO:colcon.colcon_core.shell:Creating prefix chain script '/home/yug/master_vinebot_ws/install/setup.sh'
[0.875s] INFO:colcon.colcon_core.shell:Creating prefix script '/home/yug/master_vinebot_ws/install/local_setup.bash'
[0.875s] INFO:colcon.colcon_core.shell:Creating prefix chain script '/home/yug/master_vinebot_ws/install/setup.bash'
[0.876s] INFO:colcon.colcon_core.shell:Creating prefix script '/home/yug/master_vinebot_ws/install/local_setup.zsh'
[0.876s] INFO:colcon.colcon_core.shell:Creating prefix chain script '/home/yug/master_vinebot_ws/install/setup.zsh'
