[0.359s] Invoking command in '/home/yug/master_vinebot_ws/build/robo_project': PYTHONPATH=/home/yug/master_vinebot_ws/build/robo_project/prefix_override:/usr/lib/python3/dist-packages/colcon_core/task/python/colcon_distutils_commands:/home/yug/master_vinebot_ws/install/robo_project/lib/python3.10/site-packages:${PYTHONPATH} /usr/bin/python3 -W ignore:setup.py install is deprecated -W ignore:easy_install command is deprecated setup.py develop --editable --build-directory /home/yug/master_vinebot_ws/build/robo_project/build --no-deps symlink_data
[0.511s] running develop
[0.602s] running egg_info
[0.602s] creating robo_project.egg-info
[0.602s] writing robo_project.egg-info/PKG-INFO
[0.602s] writing dependency_links to robo_project.egg-info/dependency_links.txt
[0.602s] writing entry points to robo_project.egg-info/entry_points.txt
[0.602s] writing requirements to robo_project.egg-info/requires.txt
[0.602s] writing top-level names to robo_project.egg-info/top_level.txt
[0.602s] writing manifest file 'robo_project.egg-info/SOURCES.txt'
[0.603s] reading manifest file 'robo_project.egg-info/SOURCES.txt'
[0.604s] writing manifest file 'robo_project.egg-info/SOURCES.txt'
[0.605s] running build_ext
[0.605s] Creating /home/yug/master_vinebot_ws/install/robo_project/lib/python3.10/site-packages/robo-project.egg-link (link to .)
[0.605s] Installing action script to /home/yug/master_vinebot_ws/install/robo_project/bin
[0.605s] Installing bridge script to /home/yug/master_vinebot_ws/install/robo_project/bin
[0.606s] Installing planner script to /home/yug/master_vinebot_ws/install/robo_project/bin
[0.606s] Installing runner_node script to /home/yug/master_vinebot_ws/install/robo_project/bin
[0.606s] 
[0.606s] Installed /home/yug/master_vinebot_ws/build/robo_project
[0.606s] running symlink_data
[0.606s] creating /home/yug/master_vinebot_ws/install/robo_project/share/ament_index
[0.606s] creating /home/yug/master_vinebot_ws/install/robo_project/share/ament_index/resource_index
[0.606s] creating /home/yug/master_vinebot_ws/install/robo_project/share/ament_index/resource_index/packages
[0.606s] symbolically linking /home/yug/master_vinebot_ws/build/robo_project/resource/robo_project -> /home/yug/master_vinebot_ws/install/robo_project/share/ament_index/resource_index/packages
[0.606s] symbolically linking /home/yug/master_vinebot_ws/build/robo_project/package.xml -> /home/yug/master_vinebot_ws/install/robo_project/share/robo_project
[0.626s] Invoked command in '/home/yug/master_vinebot_ws/build/robo_project' returned '0': PYTHONPATH=/home/yug/master_vinebot_ws/build/robo_project/prefix_override:/usr/lib/python3/dist-packages/colcon_core/task/python/colcon_distutils_commands:/home/yug/master_vinebot_ws/install/robo_project/lib/python3.10/site-packages:${PYTHONPATH} /usr/bin/python3 -W ignore:setup.py install is deprecated -W ignore:easy_install command is deprecated setup.py develop --editable --build-directory /home/yug/master_vinebot_ws/build/robo_project/build --no-deps symlink_data
